﻿
> frontend@0.0.0 build
> vite build

[36mvite v8.0.10 [32mbuilding client environment for production...[36m[39m
[2K
node.exe : Error: Cannot apply unknown utility class `from-slate-50`. Are you using CSS modules or similar and missing 
`@reference`? https://tailwindcss.com/docs/functions-and-directives#reference-directive
At line:1 char:1
+ & "C:\Program Files\nodejs/node.exe" "C:\Program Files\nodejs/node_mo ...
+ ~~~~~~~~~~~~~~~~~~~~~~~~~~~~~~~~~~~~~~~~~~~~~~~~~~~~~~~~~~~~~~~~~~~~~
    + CategoryInfo          : NotSpecified: (Error: Cannot a...rence-directive:String) [], RemoteException
    + FullyQualifiedErrorId : NativeCommandError
 
    at onInvalidCandidate 
(C:\Users\RITESH\Downloads\refund-system-prototype\frontend\node_modules\tailwindcss\dist\lib.js:21:1314)
    at Ne (C:\Users\RITESH\Downloads\refund-system-prototype\frontend\node_modules\tailwindcss\dist\lib.js:16:38252)
    at C:\Users\RITESH\Downloads\refund-system-prototype\frontend\node_modules\tailwindcss\dist\lib.js:21:355
    at Ur (C:\Users\RITESH\Downloads\refund-system-prototype\frontend\node_modules\tailwindcss\dist\lib.js:3:1733)
    at I (C:\Users\RITESH\Downloads\refund-system-prototype\frontend\node_modules\tailwindcss\dist\lib.js:3:1377)
    at Ee (C:\Users\RITESH\Downloads\refund-system-prototype\frontend\node_modules\tailwindcss\dist\lib.js:21:172)
    at vn (C:\Users\RITESH\Downloads\refund-system-prototype\frontend\node_modules\tailwindcss\dist\lib.js:38:294)
    at async kn 
(C:\Users\RITESH\Downloads\refund-system-prototype\frontend\node_modules\tailwindcss\dist\lib.js:38:631)
    at async Xr 
(C:\Users\RITESH\Downloads\refund-system-prototype\frontend\node_modules\@tailwindcss\node\dist\index.js:10:3415)
    at async E 
(C:\Users\RITESH\Downloads\refund-system-prototype\frontend\node_modules\@tailwindcss\postcss\dist\index.js:10:3979)
transforming...Γ£ô 81 modules transformed.
[31mΓ£ù[39m Build failed in 539ms
[31merror during build:
[31mBuild failed with 1 error:

[plugin vite:css] C:/Users/RITESH/Downloads/refund-system-prototype/frontend/src/index.css:1:0
CssSyntaxError: [postcss] tailwindcss: C:/Users/RITESH/Downloads/refund-system-prototype/frontend/src/index.css:1:1: 
Cannot apply unknown utility class `from-slate-50`. Are you using CSS modules or similar and missing `@reference`? 
https://tailwindcss.com/docs/functions-and-directives#reference-directive
    at Input.error 
(C:\Users\RITESH\Downloads\refund-system-prototype\frontend\node_modules\postcss\lib\input.js:135:16)
    at Root.error (C:\Users\RITESH\Downloads\refund-system-prototype\frontend\node_modules\postcss\lib\node.js:146:32)
    at Object.Once 
(C:\Users\RITESH\Downloads\refund-system-prototype\frontend\node_modules\@tailwindcss\postcss\dist\index.js:10:6913)
    at async LazyResult.runAsync 
(C:\Users\RITESH\Downloads\refund-system-prototype\frontend\node_modules\postcss\lib\lazy-result.js:293:11)
    at async runPostCSS (file:///C:/Users/RITESH/Downloads/refund-system-prototype/frontend/node_modules/vite/dist/node
/chunks/node.js:21046:19)
    at async compilePostCSS 
(file:///C:/Users/RITESH/Downloads/refund-system-prototype/frontend/node_modules/vite/dist/node/chunks/node.js:21030:6)
    at async compileCSS (file:///C:/Users/RITESH/Downloads/refund-system-prototype/frontend/node_modules/vite/dist/node
/chunks/node.js:20960:26)
    at async TransformPluginContextImpl.handler (file:///C:/Users/RITESH/Downloads/refund-system-prototype/frontend/nod
e_modules/vite/dist/node/chunks/node.js:20473:47)
    at async plugin (file:///C:/Users/RITESH/Downloads/refund-system-prototype/frontend/node_modules/rolldown/dist/shar
ed/bindingify-input-options-DbbBhzky.mjs:1172:16)
    at async plugin.<computed> (file:///C:/Users/RITESH/Downloads/refund-system-prototype/frontend/node_modules/rolldow
n/dist/shared/bindingify-input-options-DbbBhzky.mjs:1612:12)[31m
    at aggregateBindingErrorsIntoJsError (file:///C:/Users/RITESH/Downloads/refund-system-prototype/frontend/node_modul
es/rolldown/dist/shared/error-DL-e8-oE.mjs:48:18)
    at unwrapBindingResult (file:///C:/Users/RITESH/Downloads/refund-system-prototype/frontend/node_modules/rolldown/di
st/shared/error-DL-e8-oE.mjs:18:128)
    at #build (file:///C:/Users/RITESH/Downloads/refund-system-prototype/frontend/node_modules/rolldown/dist/shared/rol
ldown-build-DSxL8qiP.mjs:3317:34)
    at async buildEnvironment (file:///C:/Users/RITESH/Downloads/refund-system-prototype/frontend/node_modules/vite/dis
t/node/chunks/node.js:33018:64)
    at async Object.build (file:///C:/Users/RITESH/Downloads/refund-system-prototype/frontend/node_modules/vite/dist/no
de/chunks/node.js:33440:19)
    at async Object.buildApp (file:///C:/Users/RITESH/Downloads/refund-system-prototype/frontend/node_modules/vite/dist
/node/chunks/node.js:33437:153)
    at async CAC.<anonymous> 
(file:///C:/Users/RITESH/Downloads/refund-system-prototype/frontend/node_modules/vite/dist/node/cli.js:778:3) {
  errors: [Getter/Setter]
}[39m
